=== E2a physical baselines: MAE (eV) ===
split                    random   group    LOCO    LOBO    LOHO
model                                                          
Halide-resolved scissor  0.0890  0.0899  0.0895  0.1124  0.2048
Linear scaling           0.0749  0.0753  0.0755  0.0916  0.0835
Scissor shift (const)    0.1643  0.1672  0.1645  0.1758  0.2048
pre-DFT (C+L+P) direct       Ridge       random  MAE=0.3713 R2=0.8324
pre-DFT (C+L+P) direct       Ridge       group   MAE=0.3700 R2=0.8337
pre-DFT (C+L+P) direct       Ridge       LOCO    MAE=0.3845 R2=0.8170
pre-DFT (C+L+P) direct       Ridge       LOBO    MAE=2.3534 R2=-11.1632
pre-DFT (C+L+P) direct       Ridge       LOHO    MAE=0.4628 R2=0.7304
pre-DFT (C+L+P) direct       KRR-RBF     random  MAE=0.3851 R2=0.8139
pre-DFT (C+L+P) direct       KRR-RBF     group   MAE=0.3618 R2=0.8377
pre-DFT (C+L+P) direct       KRR-RBF     LOCO    MAE=0.5053 R2=0.6067
pre-DFT (C+L+P) direct       KRR-RBF     LOBO    MAE=2.7800 R2=-8.5863
pre-DFT (C+L+P) direct       KRR-RBF     LOHO    MAE=1.3214 R2=-1.7669
pre-DFT (C+L+P) direct       MLP         random  MAE=0.3788 R2=0.8230
pre-DFT (C+L+P) direct       MLP         group   MAE=0.3782 R2=0.8261
pre-DFT (C+L+P) direct       MLP         LOCO    MAE=0.5000 R2=0.6732
pre-DFT (C+L+P) direct       MLP         LOBO    MAE=5.1009 R2=-32.0708
pre-DFT (C+L+P) direct       MLP         LOHO    MAE=1.3716 R2=-1.5384
pre-DFT (C+L+P) direct       RF          random  MAE=0.3953 R2=0.8034
pre-DFT (C+L+P) direct       RF          group   MAE=0.3724 R2=0.8300
pre-DFT (C+L+P) direct       RF          LOCO    MAE=0.3778 R2=0.8277
pre-DFT (C+L+P) direct       RF          LOBO    MAE=0.7026 R2=0.2729
pre-DFT (C+L+P) direct       RF          LOHO    MAE=0.7874 R2=0.1921
pre-DFT (C+L+P) direct       XGBoost     random  MAE=0.4035 R2=0.7918
pre-DFT (C+L+P) direct       XGBoost     group   MAE=0.3633 R2=0.8361
pre-DFT (C+L+P) direct       XGBoost     LOCO    MAE=0.3717 R2=0.8310
pre-DFT (C+L+P) direct       XGBoost     LOBO    MAE=0.6455 R2=0.3767
pre-DFT (C+L+P) direct       XGBoost     LOHO    MAE=0.7486 R2=0.3225
pre-DFT (C+L+P) direct       LightGBM    random  MAE=0.4028 R2=0.7924
pre-DFT (C+L+P) direct       LightGBM    group   MAE=0.3627 R2=0.8369
pre-DFT (C+L+P) direct       LightGBM    LOCO    MAE=0.3759 R2=0.8304
pre-DFT (C+L+P) direct       LightGBM    LOBO    MAE=0.6420 R2=0.3897
pre-DFT (C+L+P) direct       LightGBM    LOHO    MAE=0.7403 R2=0.3161
pre-DFT (C+L+P) delta        Ridge       random  MAE=0.0522 R2=0.9955
pre-DFT (C+L+P) delta        Ridge       group   MAE=0.0525 R2=0.9954
pre-DFT (C+L+P) delta        Ridge       LOCO    MAE=0.0865 R2=0.9888
pre-DFT (C+L+P) delta        Ridge       LOBO    MAE=0.7524 R2=-0.0117
pre-DFT (C+L+P) delta        Ridge       LOHO    MAE=0.0598 R2=0.9944
pre-DFT (C+L+P) delta        KRR-RBF     random  MAE=0.0434 R2=0.9969
pre-DFT (C+L+P) delta        KRR-RBF     group   MAE=0.0456 R2=0.9964
pre-DFT (C+L+P) delta        KRR-RBF     LOCO    MAE=0.0752 R2=0.9877
pre-DFT (C+L+P) delta        KRR-RBF     LOBO    MAE=0.6903 R2=0.4201
pre-DFT (C+L+P) delta        KRR-RBF     LOHO    MAE=0.2955 R2=0.8338
pre-DFT (C+L+P) delta        MLP         random  MAE=0.0471 R2=0.9964
pre-DFT (C+L+P) delta        MLP         group   MAE=0.0626 R2=0.9942
pre-DFT (C+L+P) delta        MLP         LOCO    MAE=0.0945 R2=0.9845
pre-DFT (C+L+P) delta        MLP         LOBO    MAE=1.3745 R2=-1.7471
pre-DFT (C+L+P) delta        MLP         LOHO    MAE=0.4192 R2=0.7481
pre-DFT (C+L+P) delta        RF          random  MAE=0.0422 R2=0.9969
pre-DFT (C+L+P) delta        RF          group   MAE=0.0486 R2=0.9959
pre-DFT (C+L+P) delta        RF          LOCO    MAE=0.0483 R2=0.9959
pre-DFT (C+L+P) delta        RF          LOBO    MAE=0.1275 R2=0.9798
pre-DFT (C+L+P) delta        RF          LOHO    MAE=0.1185 R2=0.9797
pre-DFT (C+L+P) delta        XGBoost     random  MAE=0.0438 R2=0.9966
pre-DFT (C+L+P) delta        XGBoost     group   MAE=0.0481 R2=0.9959
pre-DFT (C+L+P) delta        XGBoost     LOCO    MAE=0.0491 R2=0.9958
pre-DFT (C+L+P) delta        XGBoost     LOBO    MAE=0.1126 R2=0.9838
pre-DFT (C+L+P) delta        XGBoost     LOHO    MAE=0.1083 R2=0.9821
pre-DFT (C+L+P) delta        LightGBM    random  MAE=0.0441 R2=0.9966
pre-DFT (C+L+P) delta        LightGBM    group   MAE=0.0487 R2=0.9958
pre-DFT (C+L+P) delta        LightGBM    LOCO    MAE=0.0490 R2=0.9957
pre-DFT (C+L+P) delta        LightGBM    LOBO    MAE=0.1078 R2=0.9846
pre-DFT (C+L+P) delta        LightGBM    LOHO    MAE=0.1084 R2=0.9821
post-relax (C+L+P+S) delta   Ridge       random  MAE=0.0464 R2=0.9966
post-relax (C+L+P+S) delta   Ridge       group   MAE=0.0471 R2=0.9965
post-relax (C+L+P+S) delta   Ridge       LOCO    MAE=nan R2=nan
post-relax (C+L+P+S) delta   Ridge       LOBO    MAE=0.5777 R2=0.4844
post-relax (C+L+P+S) delta   Ridge       LOHO    MAE=0.0794 R2=0.9911
post-relax (C+L+P+S) delta   KRR-RBF     random  MAE=0.0348 R2=0.9979
post-relax (C+L+P+S) delta   KRR-RBF     group   MAE=0.0371 R2=0.9974
post-relax (C+L+P+S) delta   KRR-RBF     LOCO    MAE=0.0883 R2=0.9850
post-relax (C+L+P+S) delta   KRR-RBF     LOBO    MAE=0.6942 R2=0.4193
post-relax (C+L+P+S) delta   KRR-RBF     LOHO    MAE=0.3132 R2=0.8102
post-relax (C+L+P+S) delta   MLP         random  MAE=0.0479 R2=0.9964
post-relax (C+L+P+S) delta   MLP         group   MAE=0.0614 R2=0.9941
post-relax (C+L+P+S) delta   MLP         LOCO    MAE=0.1244 R2=0.9749
post-relax (C+L+P+S) delta   MLP         LOBO    MAE=1.4281 R2=-1.6869
post-relax (C+L+P+S) delta   MLP         LOHO    MAE=0.4235 R2=0.7424
post-relax (C+L+P+S) delta   RF          random  MAE=0.0368 R2=0.9977
post-relax (C+L+P+S) delta   RF          group   MAE=0.0424 R2=0.9968
