pre-DFT (C+L+P) direct      random  i.i.d. cov=0.900 width=1.579
pre-DFT (C+L+P) direct      random  group  cov=0.871 width=1.377
pre-DFT (C+L+P) direct      group   i.i.d. cov=0.926 width=1.498
pre-DFT (C+L+P) direct      group   group  cov=0.900 width=1.326
pre-DFT (C+L+P) direct      LOCO    i.i.d. cov=0.935 width=1.587
pre-DFT (C+L+P) direct      LOCO    group  cov=0.873 width=1.320
pre-DFT (C+L+P) direct      LOBO    i.i.d. cov=0.687 width=1.561
pre-DFT (C+L+P) direct      LOBO    group  cov=0.632 width=1.319
pre-DFT (C+L+P) direct      LOHO    i.i.d. cov=0.557 width=1.567
pre-DFT (C+L+P) direct      LOHO    group  cov=0.464 width=1.290
pre-DFT (C+L+P) delta       random  i.i.d. cov=0.897 width=0.206
pre-DFT (C+L+P) delta       random  group  cov=0.907 width=0.211
pre-DFT (C+L+P) delta       group   i.i.d. cov=0.868 width=0.192
pre-DFT (C+L+P) delta       group   group  cov=0.899 width=0.221
pre-DFT (C+L+P) delta       LOCO    i.i.d. cov=0.869 width=0.198
pre-DFT (C+L+P) delta       LOCO    group  cov=0.913 width=0.233
pre-DFT (C+L+P) delta       LOBO    i.i.d. cov=0.530 width=0.203
pre-DFT (C+L+P) delta       LOBO    group  cov=0.590 width=0.227
pre-DFT (C+L+P) delta       LOHO    i.i.d. cov=0.585 width=0.211
pre-DFT (C+L+P) delta       LOHO    group  cov=0.597 width=0.212
post-relax (C+L+P+S) delta  random  i.i.d. cov=0.903 width=0.164
post-relax (C+L+P+S) delta  random  group  cov=0.915 width=0.175
post-relax (C+L+P+S) delta  group   i.i.d. cov=0.868 width=0.147
post-relax (C+L+P+S) delta  group   group  cov=0.911 width=0.189
post-relax (C+L+P+S) delta  LOCO    i.i.d. cov=0.845 width=0.156
post-relax (C+L+P+S) delta  LOCO    group  cov=0.877 width=0.181
post-relax (C+L+P+S) delta  LOBO    i.i.d. cov=0.302 width=0.158
post-relax (C+L+P+S) delta  LOBO    group  cov=0.426 width=0.193
post-relax (C+L+P+S) delta  LOHO    i.i.d. cov=0.532 width=0.166
post-relax (C+L+P+S) delta  LOHO    group  cov=0.553 width=0.170
DONE_E3
